// Jest Snapshot v1, https://goo.gl/fbAQLP

exports[`UserSettingsProfileImage.vue should render correctly 1`] = `
VueWrapper {
  "__app": Object {
    "_component": Object {
      "name": "VTU_ROOT",
      "render": [Function],
      "setup": [Function],
    },
    "_container": <div
      data-v-app=""
    >
      <div
        id="1"
      >
        <img
          data-testid="userImage"
          src="https://www.cloudinaryimage.com"
        />
        <input
          accept="image/*"
          id="image-upload"
          type="file"
        />
        <label
          for="image-upload"
        >
          Update Image
        </label>
      </div>
    </div>,
    "_context": Object {
      "app": [Circular],
      "components": Object {
        "transition": Object {
          "name": "transition",
        },
        "transition-group": Object {
          "name": "transition-group",
        },
      },
      "config": Object {
        "compilerOptions": Object {},
        "errorHandler": undefined,
        "globalProperties": Object {},
        "isNativeTag": [Function],
        "optionMergeStrategies": Object {},
        "performance": false,
        "warnHandler": undefined,
      },
      "directives": Object {},
      "emitsCache": WeakMap {},
      "mixins": Array [
        Object {
          "beforeCreate": [Function],
        },
      ],
      "optionsCache": WeakMap {},
      "propsCache": WeakMap {},
      "provides": Object {},
      "reload": [Function],
    },
    "_instance": Object {
      "a": null,
      "accessCache": Object {},
      "appContext": Object {
        "app": [Circular],
        "components": Object {
          "transition": Object {
            "name": "transition",
          },
          "transition-group": Object {
            "name": "transition-group",
          },
        },
        "config": Object {
          "compilerOptions": Object {},
          "errorHandler": undefined,
          "globalProperties": Object {},
          "isNativeTag": [Function],
          "optionMergeStrategies": Object {},
          "performance": false,
          "warnHandler": undefined,
        },
        "directives": Object {},
        "emitsCache": WeakMap {},
        "mixins": Array [
          Object {
            "beforeCreate": [Function],
          },
        ],
        "optionsCache": WeakMap {},
        "propsCache": WeakMap {},
        "provides": Object {},
        "reload": [Function],
      },
      "asyncDep": null,
      "asyncResolved": false,
      "attrs": Object {},
      "attrsProxy": null,
      "bc": null,
      "bm": null,
      "bu": null,
      "bum": null,
      "c": null,
      "components": null,
      "ctx": Object {
        "VTU_COMPONENT": Object {
          "id": undefined,
          "image": "https://www.cloudinaryimage.com",
          "invalidImageUpload": null,
          "jwt": undefined,
          "newImage": null,
          "previewFiles": [Function],
          "profileImage": "https://www.cloudinaryimage.com",
          "token": undefined,
          "updateUserImage": [Function],
          "userId": undefined,
          "userService": Object {
            "loginUser": [Function],
            "registerUser": [Function],
            "updateUser": [Function],
            "uploadUserProfileImage": [Function],
          },
        },
      },
      "da": null,
      "data": Object {},
      "devtoolsRawSetupState": Object {
        "VTU_COMPONENT": RefImpl {
          "__v_isRef": true,
          "__v_isShallow": false,
          "_rawValue": Object {
            "id": undefined,
            "image": "https://www.cloudinaryimage.com",
            "invalidImageUpload": null,
            "jwt": undefined,
            "newImage": null,
            "previewFiles": [Function],
            "profileImage": "https://www.cloudinaryimage.com",
            "token": undefined,
            "updateUserImage": [Function],
            "userId": undefined,
            "userService": Object {
              "loginUser": [Function],
              "registerUser": [Function],
              "updateUser": [Function],
              "uploadUserProfileImage": [Function],
            },
          },
          "_value": Object {
            "id": undefined,
            "image": "https://www.cloudinaryimage.com",
            "invalidImageUpload": null,
            "jwt": undefined,
            "newImage": null,
            "previewFiles": [Function],
            "profileImage": "https://www.cloudinaryimage.com",
            "token": undefined,
            "updateUserImage": [Function],
            "userId": undefined,
            "userService": Object {
              "loginUser": [Function],
              "registerUser": [Function],
              "updateUser": [Function],
              "uploadUserProfileImage": [Function],
            },
          },
          "dep": undefined,
        },
      },
      "directives": null,
      "ec": null,
      "effect": ReactiveEffect {
        "active": true,
        "allowRecurse": true,
        "deps": Array [
          Set {
            [Circular],
          },
          Set {
            [Circular],
          },
          Set {
            [Circular],
          },
          Set {
            [Circular],
          },
          Set {
            [Circular],
          },
          Set {
            [Circular],
          },
        ],
        "fn": [Function],
        "onTrack": undefined,
        "onTrigger": undefined,
        "parent": undefined,
        "scheduler": [Function],
      },
      "emit": [Function],
      "emitsOptions": null,
      "emitted": null,
      "exposeProxy": null,
      "exposed": null,
      "inheritAttrs": undefined,
      "isDeactivated": false,
      "isMounted": true,
      "isUnmounted": false,
      "m": null,
      "next": null,
      "parent": null,
      "props": Object {},
      "propsDefaults": Object {},
      "propsOptions": Array [
        Object {},
        Array [],
      ],
      "provides": Object {},
      "proxy": Object {
        "VTU_COMPONENT": Object {
          "id": undefined,
          "image": "https://www.cloudinaryimage.com",
          "invalidImageUpload": null,
          "jwt": undefined,
          "newImage": null,
          "previewFiles": [Function],
          "profileImage": "https://www.cloudinaryimage.com",
          "token": undefined,
          "updateUserImage": [Function],
          "userId": undefined,
          "userService": Object {
            "loginUser": [Function],
            "registerUser": [Function],
            "updateUser": [Function],
            "uploadUserProfileImage": [Function],
          },
        },
      },
      "refs": Object {
        "VTU_COMPONENT": Object {
          "id": undefined,
          "image": "https://www.cloudinaryimage.com",
          "invalidImageUpload": null,
          "jwt": undefined,
          "newImage": null,
          "previewFiles": [Function],
          "profileImage": "https://www.cloudinaryimage.com",
          "token": undefined,
          "updateUserImage": [Function],
          "userId": undefined,
          "userService": Object {
            "loginUser": [Function],
            "registerUser": [Function],
            "updateUser": [Function],
            "uploadUserProfileImage": [Function],
          },
        },
      },
      "render": [Function],
      "renderCache": Array [],
      "root": [Circular],
      "rtc": null,
      "rtg": null,
      "scope": EffectScope {
        "_active": true,
        "cleanups": Array [],
        "detached": true,
        "effects": Array [
          ReactiveEffect {
            "active": true,
            "allowRecurse": true,
            "deps": Array [
              Set {
                [Circular],
              },
              Set {
                [Circular],
              },
              Set {
                [Circular],
              },
              Set {
                [Circular],
              },
              Set {
                [Circular],
              },
              Set {
                [Circular],
              },
            ],
            "fn": [Function],
            "onTrack": undefined,
            "onTrigger": undefined,
            "parent": undefined,
            "scheduler": [Function],
          },
        ],
        "parent": undefined,
      },
      "setupContext": null,
      "setupState": Object {
        "VTU_COMPONENT": Object {
          "id": undefined,
          "image": "https://www.cloudinaryimage.com",
          "invalidImageUpload": null,
          "jwt": undefined,
          "newImage": null,
          "previewFiles": [Function],
          "profileImage": "https://www.cloudinaryimage.com",
          "token": undefined,
          "updateUserImage": [Function],
          "userId": undefined,
          "userService": Object {
            "loginUser": [Function],
            "registerUser": [Function],
            "updateUser": [Function],
            "uploadUserProfileImage": [Function],
          },
        },
      },
      "slots": Object {},
      "slotsProxy": null,
      "sp": null,
      "subTree": Object {
        "__v_isVNode": true,
        "__v_skip": true,
        "anchor": null,
        "appContext": null,
        "children": null,
        "component": Object {
          "a": null,
          "accessCache": Object {
            "@@__IMMUTABLE_ITERABLE__@@": 0,
            "@@__IMMUTABLE_RECORD__@@": 0,
            "__v_isReadonly": 0,
            "__v_isRef": 0,
            "__v_isShallow": 0,
            "__v_raw": 0,
            "__v_skip": 4,
            "_isMockFunction": 0,
            "constructor": 0,
            "id": 2,
            "image": 3,
            "invalidImageUpload": 2,
            "isVueInstance": 0,
            "jwt": 3,
            "newImage": 2,
            "previewFiles": 4,
            "profileImage": 2,
            "toJSON": 0,
            "token": 2,
            "updateUserImage": 4,
            "userId": 3,
            "userService": 3,
            Symbol(Symbol.toStringTag): 0,
          },
          "appContext": Object {
            "app": [Circular],
            "components": Object {
              "transition": Object {
                "name": "transition",
              },
              "transition-group": Object {
                "name": "transition-group",
              },
            },
            "config": Object {
              "compilerOptions": Object {},
              "errorHandler": undefined,
              "globalProperties": Object {},
              "isNativeTag": [Function],
              "optionMergeStrategies": Object {},
              "performance": false,
              "warnHandler": undefined,
            },
            "directives": Object {},
            "emitsCache": WeakMap {},
            "mixins": Array [
              Object {
                "beforeCreate": [Function],
              },
            ],
            "optionsCache": WeakMap {},
            "propsCache": WeakMap {},
            "provides": Object {},
            "reload": [Function],
          },
          "asyncDep": null,
          "asyncResolved": false,
          "attrs": Object {
            "id": "1",
          },
          "attrsProxy": null,
          "bc": null,
          "bm": null,
          "bu": null,
          "bum": null,
          "c": null,
          "components": Object {},
          "ctx": Object {
            "id": undefined,
            "image": "https://www.cloudinaryimage.com",
            "invalidImageUpload": null,
            "jwt": undefined,
            "newImage": null,
            "previewFiles": [Function],
            "profileImage": "https://www.cloudinaryimage.com",
            "token": undefined,
            "updateUserImage": [Function],
            "userId": undefined,
            "userService": Object {
              "loginUser": [Function],
              "registerUser": [Function],
              "updateUser": [Function],
              "uploadUserProfileImage": [Function],
            },
          },
          "da": null,
          "data": Object {
            "id": undefined,
            "invalidImageUpload": null,
            "newImage": null,
            "profileImage": "https://www.cloudinaryimage.com",
            "token": undefined,
          },
          "directives": null,
          "ec": null,
          "effect": ReactiveEffect {
            "active": true,
            "allowRecurse": true,
            "deps": Array [
              Set {
                [Circular],
              },
            ],
            "fn": [Function],
            "onTrack": undefined,
            "onTrigger": undefined,
            "parent": undefined,
            "scheduler": [Function],
          },
          "emit": [Function],
          "emitsOptions": null,
          "emitted": null,
          "exposeProxy": null,
          "exposed": null,
          "inheritAttrs": undefined,
          "isDeactivated": false,
          "isMounted": true,
          "isUnmounted": false,
          "m": null,
          "next": null,
          "parent": [Circular],
          "props": Object {
            "image": "https://www.cloudinaryimage.com",
            "jwt": undefined,
            "userId": undefined,
            "userService": Object {
              "loginUser": [Function],
              "registerUser": [Function],
              "updateUser": [Function],
              "uploadUserProfileImage": [Function],
            },
          },
          "propsDefaults": Object {},
          "propsOptions": Array [
            Object {
              "image": Object {
                "0": false,
                "1": true,
                "type": [Function],
              },
              "jwt": Object {
                "0": false,
                "1": true,
                "type": [Function],
              },
              "userId": Object {
                "0": false,
                "1": true,
                "type": [Function],
              },
              "userService": Object {
                "0": false,
                "1": true,
                "default": UserService {
                  "baseUrl": undefined,
                },
              },
            },
            Array [
              "userService",
            ],
          ],
          "provides": Object {},
          "proxy": Object {
            "id": undefined,
            "image": "https://www.cloudinaryimage.com",
            "invalidImageUpload": null,
            "jwt": undefined,
            "newImage": null,
            "previewFiles": [Function],
            "profileImage": "https://www.cloudinaryimage.com",
            "token": undefined,
            "updateUserImage": [Function],
            "userId": undefined,
            "userService": Object {
              "loginUser": [Function],
              "registerUser": [Function],
              "updateUser": [Function],
              "uploadUserProfileImage": [Function],
            },
          },
          "refs": Object {},
          "render": [Function],
          "renderCache": Array [
            [Function],
          ],
          "root": [Circular],
          "rtc": null,
          "rtg": null,
          "scope": EffectScope {
            "_active": true,
            "cleanups": Array [],
            "detached": true,
            "effects": Array [
              ReactiveEffect {
                "active": true,
                "allowRecurse": true,
                "deps": Array [
                  Set {
                    [Circular],
                  },
                ],
                "fn": [Function],
                "onTrack": undefined,
                "onTrigger": undefined,
                "parent": undefined,
                "scheduler": [Function],
              },
            ],
            "parent": undefined,
          },
          "setupContext": null,
          "setupState": Object {},
          "slots": Object {},
          "slotsProxy": null,
          "sp": null,
          "subTree": Object {
            "__v_isVNode": true,
            "__v_skip": true,
            "anchor": null,
            "appContext": null,
            "ce": undefined,
            "children": Array [
              Object {
                "__v_isVNode": true,
                "__v_skip": true,
                "anchor": null,
                "appContext": null,
                "children": null,
                "component": null,
                "ctx": [Circular],
                "dirs": null,
                "dynamicChildren": Array [],
                "dynamicProps": Array [
                  "src",
                ],
                "el": <img
                  data-testid="userImage"
                  src="https://www.cloudinaryimage.com"
                />,
                "key": 0,
                "patchFlag": 8,
                "props": Object {
                  "data-testid": "userImage",
                  "key": 0,
                  "src": "https://www.cloudinaryimage.com",
                },
                "ref": null,
                "scopeId": null,
                "shapeFlag": 1,
                "slotScopeIds": null,
                "ssContent": null,
                "ssFallback": null,
                "staticCount": 0,
                "suspense": null,
                "target": null,
                "targetAnchor": null,
                "transition": null,
                "type": "img",
              },
              Object {
                "__v_isVNode": true,
                "__v_skip": true,
                "anchor": null,
                "appContext": null,
                "children": null,
                "component": null,
                "ctx": [Circular],
                "dirs": null,
                "dynamicChildren": null,
                "dynamicProps": null,
                "el": <input
                  accept="image/*"
                  id="image-upload"
                  type="file"
                />,
                "key": null,
                "patchFlag": 32,
                "props": Object {
                  "accept": "image/*",
                  "id": "image-upload",
                  "onChange": [Function],
                  "type": "file",
                },
                "ref": null,
                "scopeId": null,
                "shapeFlag": 1,
                "slotScopeIds": null,
                "ssContent": null,
                "ssFallback": null,
                "staticCount": 0,
                "suspense": null,
                "target": null,
                "targetAnchor": null,
                "transition": null,
                "type": "input",
              },
              Object {
                "__v_isVNode": true,
                "__v_skip": true,
                "anchor": null,
                "appContext": null,
                "ce": undefined,
                "children": "Update Image",
                "component": null,
                "ctx": null,
                "dirs": null,
                "dynamicChildren": null,
                "dynamicProps": null,
                "el": <label
                  for="image-upload"
                >
                  Update Image
                </label>,
                "key": null,
                "patchFlag": -1,
                "props": Object {
                  "for": "image-upload",
                },
                "ref": null,
                "scopeId": null,
                "shapeFlag": 9,
                "slotScopeIds": null,
                "ssContent": null,
                "ssFallback": null,
                "staticCount": 0,
                "suspense": null,
                "target": null,
                "targetAnchor": null,
                "transition": null,
                "type": "label",
              },
            ],
            "component": null,
            "ctx": [Circular],
            "dirs": null,
            "dynamicChildren": Array [
              Object {
                "__v_isVNode": true,
                "__v_skip": true,
                "anchor": null,
                "appContext": null,
                "children": null,
                "component": null,
                "ctx": [Circular],
                "dirs": null,
                "dynamicChildren": Array [],
                "dynamicProps": Array [
                  "src",
                ],
                "el": <img
                  data-testid="userImage"
                  src="https://www.cloudinaryimage.com"
                />,
                "key": 0,
                "patchFlag": 8,
                "props": Object {
                  "data-testid": "userImage",
                  "key": 0,
                  "src": "https://www.cloudinaryimage.com",
                },
                "ref": null,
                "scopeId": null,
                "shapeFlag": 1,
                "slotScopeIds": null,
                "ssContent": null,
                "ssFallback": null,
                "staticCount": 0,
                "suspense": null,
                "target": null,
                "targetAnchor": null,
                "transition": null,
                "type": "img",
              },
            ],
            "dynamicProps": null,
            "el": <div
              id="1"
            >
              <img
                data-testid="userImage"
                src="https://www.cloudinaryimage.com"
              />
              <input
                accept="image/*"
                id="image-upload"
                type="file"
              />
              <label
                for="image-upload"
              >
                Update Image
              </label>
            </div>,
            "key": null,
            "patchFlag": 16,
            "props": Object {
              "id": "1",
            },
            "ref": null,
            "scopeId": null,
            "shapeFlag": 17,
            "slotScopeIds": null,
            "ssContent": null,
            "ssFallback": null,
            "staticCount": 0,
            "suspense": null,
            "target": null,
            "targetAnchor": null,
            "transition": null,
            "type": "div",
          },
          "suspense": null,
          "suspenseId": 0,
          "type": Object {
            "components": Object {},
            "data": [Function],
            "methods": Object {
              "previewFiles": [Function],
              "updateUserImage": [Function],
            },
            "props": Object {
              "image": [Function],
              "jwt": [Function],
              "userId": [Function],
              "userService": Object {
                "default": UserService {
                  "baseUrl": undefined,
                },
              },
            },
            "render": [Function],
          },
          "u": null,
          "uid": 1,
          "um": null,
          "update": [Function],
          "vnode": [Circular],
          "withProxy": null,
        },
        "ctx": [Circular],
        "dirs": null,
        "dynamicChildren": null,
        "dynamicProps": null,
        "el": <div
          id="1"
        >
          <img
            data-testid="userImage"
            src="https://www.cloudinaryimage.com"
          />
          <input
            accept="image/*"
            id="image-upload"
            type="file"
          />
          <label
            for="image-upload"
          >
            Update Image
          </label>
        </div>,
        "key": null,
        "patchFlag": 0,
        "props": Object {
          "id": "1",
          "image": "https://www.cloudinaryimage.com",
          "ref": "VTU_COMPONENT",
          "userService": Object {
            "loginUser": [Function],
            "registerUser": [Function],
            "updateUser": [Function],
            "uploadUserProfileImage": [Function],
          },
        },
        "ref": Object {
          "f": false,
          "i": [Circular],
          "k": undefined,
          "r": "VTU_COMPONENT",
        },
        "scopeId": null,
        "shapeFlag": 4,
        "slotScopeIds": null,
        "ssContent": null,
        "ssFallback": null,
        "staticCount": 0,
        "suspense": null,
        "target": null,
        "targetAnchor": null,
        "transition": null,
        "type": Object {
          "components": Object {},
          "data": [Function],
          "methods": Object {
            "previewFiles": [Function],
            "updateUserImage": [Function],
          },
          "props": Object {
            "image": [Function],
            "jwt": [Function],
            "userId": [Function],
            "userService": Object {
              "default": UserService {
                "baseUrl": undefined,
              },
            },
          },
          "render": [Function],
        },
      },
      "suspense": null,
      "suspenseId": 0,
      "type": Object {
        "name": "VTU_ROOT",
        "render": [Function],
        "setup": [Function],
      },
      "u": null,
      "uid": 0,
      "um": null,
      "update": [Function],
      "vnode": Object {
        "__v_isVNode": true,
        "__v_skip": true,
        "anchor": null,
        "appContext": Object {
          "app": [Circular],
          "components": Object {
            "transition": Object {
              "name": "transition",
            },
            "transition-group": Object {
              "name": "transition-group",
            },
          },
          "config": Object {
            "compilerOptions": Object {},
            "errorHandler": undefined,
            "globalProperties": Object {},
            "isNativeTag": [Function],
            "optionMergeStrategies": Object {},
            "performance": false,
            "warnHandler": undefined,
          },
          "directives": Object {},
          "emitsCache": WeakMap {},
          "mixins": Array [
            Object {
              "beforeCreate": [Function],
            },
          ],
          "optionsCache": WeakMap {},
          "propsCache": WeakMap {},
          "provides": Object {},
          "reload": [Function],
        },
        "children": null,
        "component": [Circular],
        "ctx": null,
        "dirs": null,
        "dynamicChildren": null,
        "dynamicProps": null,
        "el": <div
          id="1"
        >
          <img
            data-testid="userImage"
            src="https://www.cloudinaryimage.com"
          />
          <input
            accept="image/*"
            id="image-upload"
            type="file"
          />
          <label
            for="image-upload"
          >
            Update Image
          </label>
        </div>,
        "key": null,
        "patchFlag": 0,
        "props": null,
        "ref": null,
        "scopeId": null,
        "shapeFlag": 4,
        "slotScopeIds": null,
        "ssContent": null,
        "ssFallback": null,
        "staticCount": 0,
        "suspense": null,
        "target": null,
        "targetAnchor": null,
        "transition": null,
        "type": Object {
          "name": "VTU_ROOT",
          "render": [Function],
          "setup": [Function],
        },
      },
      "withProxy": null,
    },
    "_props": null,
    "_uid": 0,
    "component": [Function],
    "config": Object {
      "compilerOptions": Object {},
      "errorHandler": undefined,
      "globalProperties": Object {},
      "isNativeTag": [Function],
      "optionMergeStrategies": Object {},
      "performance": false,
      "warnHandler": undefined,
    },
    "directive": [Function],
    "mixin": [Function],
    "mount": [Function],
    "provide": [Function],
    "runWithContext": [Function],
    "unmount": [Function],
    "use": [Function],
    "version": "3.3.4",
  },
  "__setProps": [Function],
  "cleanUpCallbacks": Array [
    [Function],
    [Function],
    [Function],
    [Function],
    [Function],
    [Function],
    [Function],
    [Function],
    [Function],
    [Function],
    [Function],
    [Function],
    [Function],
    [Function],
    [Function],
    [Function],
    [Function],
    [Function],
    [Function],
    [Function],
    [Function],
    [Function],
    [Function],
    [Function],
    [Function],
    [Function],
    [Function],
    [Function],
    [Function],
    [Function],
    [Function],
    [Function],
    [Function],
    [Function],
    [Function],
    [Function],
    [Function],
    [Function],
    [Function],
    [Function],
    [Function],
    [Function],
    [Function],
    [Function],
    [Function],
    [Function],
    [Function],
    [Function],
    [Function],
    [Function],
    [Function],
    [Function],
    [Function],
    [Function],
    [Function],
    [Function],
    [Function],
    [Function],
    [Function],
    [Function],
    [Function],
    [Function],
    [Function],
    [Function],
    [Function],
    [Function],
    [Function],
    [Function],
    [Function],
    [Function],
    [Function],
    [Function],
    [Function],
    [Function],
    [Function],
    [Function],
    [Function],
    [Function],
    [Function],
    [Function],
    [Function],
    [Function],
    [Function],
    [Function],
    [Function],
    [Function],
    [Function],
    [Function],
    [Function],
    [Function],
    [Function],
    [Function],
    [Function],
    [Function],
    [Function],
    [Function],
    [Function],
    [Function],
    [Function],
    [Function],
    [Function],
    [Function],
    [Function],
    [Function],
    [Function],
    [Function],
    [Function],
    [Function],
    [Function],
    [Function],
    [Function],
    [Function],
    [Function],
    [Function],
    [Function],
    [Function],
    [Function],
    [Function],
    [Function],
    [Function],
    [Function],
    [Function],
    [Function],
    [Function],
    [Function],
    [Function],
    [Function],
    [Function],
    [Function],
    [Function],
    [Function],
    [Function],
    [Function],
    [Function],
    [Function],
    [Function],
    [Function],
    [Function],
    [Function],
    [Function],
    [Function],
    [Function],
    [Function],
    [Function],
    [Function],
    [Function],
    [Function],
    [Function],
    [Function],
    [Function],
    [Function],
    [Function],
    [Function],
    [Function],
    [Function],
    [Function],
    [Function],
    [Function],
    [Function],
    [Function],
    [Function],
    [Function],
    [Function],
    [Function],
    [Function],
    [Function],
    [Function],
    [Function],
    [Function],
    [Function],
    [Function],
    [Function],
  ],
  "componentVM": Object {
    "id": undefined,
    "image": "https://www.cloudinaryimage.com",
    "invalidImageUpload": null,
    "jwt": undefined,
    "newImage": null,
    "previewFiles": [Function],
    "profileImage": "https://www.cloudinaryimage.com",
    "token": undefined,
    "updateUserImage": [Function],
    "userId": undefined,
    "userService": Object {
      "loginUser": [Function],
      "registerUser": [Function],
      "updateUser": [Function],
      "uploadUserProfileImage": [Function],
    },
  },
  "isDisabled": [Function],
  "rootVM": Object {
    "VTU_COMPONENT": Object {
      "id": undefined,
      "image": "https://www.cloudinaryimage.com",
      "invalidImageUpload": null,
      "jwt": undefined,
      "newImage": null,
      "previewFiles": [Function],
      "profileImage": "https://www.cloudinaryimage.com",
      "token": undefined,
      "updateUserImage": [Function],
      "userId": undefined,
      "userService": Object {
        "loginUser": [Function],
        "registerUser": [Function],
        "updateUser": [Function],
        "uploadUserProfileImage": [Function],
      },
    },
  },
  "wrapperElement": <div
    id="1"
  >
    <img
      data-testid="userImage"
      src="https://www.cloudinaryimage.com"
    />
    <input
      accept="image/*"
      id="image-upload"
      type="file"
    />
    <label
      for="image-upload"
    >
      Update Image
    </label>
  </div>,
}
`;
